[2026-01-29 17:44:48Z INFO HostContext] No proxy settings were found based on environmental variables (http_proxy/https_proxy/HTTP_PROXY/HTTPS_PROXY)
[2026-01-29 17:44:48Z INFO HostContext] Well known directory 'Bin': 'C:\Users\Wilder_Ivan\Documents\PyCharm\Gestion de estudiantes\actions-runner\bin'
[2026-01-29 17:44:48Z INFO HostContext] Well known directory 'Root': 'C:\Users\Wilder_Ivan\Documents\PyCharm\Gestion de estudiantes\actions-runner'
[2026-01-29 17:44:48Z INFO HostContext] Well known config file 'Credentials': 'C:\Users\Wilder_Ivan\Documents\PyCharm\Gestion de estudiantes\actions-runner\.credentials'
[2026-01-29 17:44:48Z INFO HostContext] Well known directory 'Bin': 'C:\Users\Wilder_Ivan\Documents\PyCharm\Gestion de estudiantes\actions-runner\bin'
[2026-01-29 17:44:48Z INFO HostContext] Well known directory 'Root': 'C:\Users\Wilder_Ivan\Documents\PyCharm\Gestion de estudiantes\actions-runner'
[2026-01-29 17:44:48Z INFO HostContext] Well known config file 'Runner': 'C:\Users\Wilder_Ivan\Documents\PyCharm\Gestion de estudiantes\actions-runner\.runner'
[2026-01-29 17:44:48Z INFO Listener] Runner is built for Windows (X64) - win-x64.
[2026-01-29 17:44:48Z INFO Listener] RuntimeInformation: Microsoft Windows 10.0.26200.
[2026-01-29 17:44:48Z INFO Listener] Version: 2.331.0
[2026-01-29 17:44:48Z INFO Listener] Commit: 39f6c643d3032f8795fa71f1482731ca90c8e038
[2026-01-29 17:44:48Z INFO Listener] Culture: es-419
[2026-01-29 17:44:48Z INFO Listener] UI Culture: es-MX
[2026-01-29 17:44:48Z INFO HostContext] Well known directory 'Bin': 'C:\Users\Wilder_Ivan\Documents\PyCharm\Gestion de estudiantes\actions-runner\bin'
[2026-01-29 17:44:48Z INFO HostContext] Well known directory 'Root': 'C:\Users\Wilder_Ivan\Documents\PyCharm\Gestion de estudiantes\actions-runner'
[2026-01-29 17:44:48Z INFO Listener] Validating directory permissions for: 'C:\Users\Wilder_Ivan\Documents\PyCharm\Gestion de estudiantes\actions-runner'
[2026-01-29 17:44:48Z INFO CommandLineParser] Parse
[2026-01-29 17:44:48Z INFO CommandLineParser] Parsing 1 args
[2026-01-29 17:44:48Z INFO CommandLineParser] parsing argument
[2026-01-29 17:44:48Z INFO CommandLineParser] HasArgs: False
[2026-01-29 17:44:48Z INFO CommandLineParser] Adding Command: run
[2026-01-29 17:44:48Z INFO Listener] Arguments parsed
[2026-01-29 17:44:48Z INFO Runner] ExecuteCommand
[2026-01-29 17:44:48Z INFO ConfigurationStore] currentAssemblyLocation: C:\Users\Wilder_Ivan\Documents\PyCharm\Gestion de estudiantes\actions-runner\bin\Runner.Listener.dll
[2026-01-29 17:44:48Z INFO HostContext] Well known directory 'Bin': 'C:\Users\Wilder_Ivan\Documents\PyCharm\Gestion de estudiantes\actions-runner\bin'
[2026-01-29 17:44:48Z INFO ConfigurationStore] binPath: C:\Users\Wilder_Ivan\Documents\PyCharm\Gestion de estudiantes\actions-runner\bin
[2026-01-29 17:44:48Z INFO HostContext] Well known directory 'Bin': 'C:\Users\Wilder_Ivan\Documents\PyCharm\Gestion de estudiantes\actions-runner\bin'
[2026-01-29 17:44:48Z INFO HostContext] Well known directory 'Root': 'C:\Users\Wilder_Ivan\Documents\PyCharm\Gestion de estudiantes\actions-runner'
[2026-01-29 17:44:48Z INFO ConfigurationStore] RootFolder: C:\Users\Wilder_Ivan\Documents\PyCharm\Gestion de estudiantes\actions-runner
[2026-01-29 17:44:48Z INFO HostContext] Well known directory 'Bin': 'C:\Users\Wilder_Ivan\Documents\PyCharm\Gestion de estudiantes\actions-runner\bin'
[2026-01-29 17:44:48Z INFO HostContext] Well known directory 'Root': 'C:\Users\Wilder_Ivan\Documents\PyCharm\Gestion de estudiantes\actions-runner'
[2026-01-29 17:44:48Z INFO HostContext] Well known config file 'Runner': 'C:\Users\Wilder_Ivan\Documents\PyCharm\Gestion de estudiantes\actions-runner\.runner'
[2026-01-29 17:44:48Z INFO ConfigurationStore] ConfigFilePath: C:\Users\Wilder_Ivan\Documents\PyCharm\Gestion de estudiantes\actions-runner\.runner
[2026-01-29 17:44:48Z INFO HostContext] Well known directory 'Bin': 'C:\Users\Wilder_Ivan\Documents\PyCharm\Gestion de estudiantes\actions-runner\bin'
[2026-01-29 17:44:48Z INFO HostContext] Well known directory 'Root': 'C:\Users\Wilder_Ivan\Documents\PyCharm\Gestion de estudiantes\actions-runner'
[2026-01-29 17:44:48Z INFO HostContext] Well known config file 'MigratedRunner': 'C:\Users\Wilder_Ivan\Documents\PyCharm\Gestion de estudiantes\actions-runner\.runner_migrated'
[2026-01-29 17:44:48Z INFO ConfigurationStore] MigratedConfigFilePath: C:\Users\Wilder_Ivan\Documents\PyCharm\Gestion de estudiantes\actions-runner\.runner_migrated
[2026-01-29 17:44:48Z INFO HostContext] Well known directory 'Bin': 'C:\Users\Wilder_Ivan\Documents\PyCharm\Gestion de estudiantes\actions-runner\bin'
[2026-01-29 17:44:48Z INFO HostContext] Well known directory 'Root': 'C:\Users\Wilder_Ivan\Documents\PyCharm\Gestion de estudiantes\actions-runner'
[2026-01-29 17:44:48Z INFO HostContext] Well known config file 'Credentials': 'C:\Users\Wilder_Ivan\Documents\PyCharm\Gestion de estudiantes\actions-runner\.credentials'
[2026-01-29 17:44:48Z INFO ConfigurationStore] CredFilePath: C:\Users\Wilder_Ivan\Documents\PyCharm\Gestion de estudiantes\actions-runner\.credentials
[2026-01-29 17:44:48Z INFO HostContext] Well known directory 'Bin': 'C:\Users\Wilder_Ivan\Documents\PyCharm\Gestion de estudiantes\actions-runner\bin'
[2026-01-29 17:44:48Z INFO HostContext] Well known directory 'Root': 'C:\Users\Wilder_Ivan\Documents\PyCharm\Gestion de estudiantes\actions-runner'
[2026-01-29 17:44:48Z INFO HostContext] Well known config file 'MigratedCredentials': 'C:\Users\Wilder_Ivan\Documents\PyCharm\Gestion de estudiantes\actions-runner\.credentials_migrated'
[2026-01-29 17:44:48Z INFO ConfigurationStore] MigratedCredFilePath: C:\Users\Wilder_Ivan\Documents\PyCharm\Gestion de estudiantes\actions-runner\.credentials_migrated
[2026-01-29 17:44:48Z INFO HostContext] Well known directory 'Bin': 'C:\Users\Wilder_Ivan\Documents\PyCharm\Gestion de estudiantes\actions-runner\bin'
[2026-01-29 17:44:48Z INFO HostContext] Well known directory 'Root': 'C:\Users\Wilder_Ivan\Documents\PyCharm\Gestion de estudiantes\actions-runner'
[2026-01-29 17:44:48Z INFO HostContext] Well known config file 'Service': 'C:\Users\Wilder_Ivan\Documents\PyCharm\Gestion de estudiantes\actions-runner\.service'
[2026-01-29 17:44:48Z INFO ConfigurationStore] ServiceConfigFilePath: C:\Users\Wilder_Ivan\Documents\PyCharm\Gestion de estudiantes\actions-runner\.service
[2026-01-29 17:44:48Z INFO CommandSettings] Flag 'help': 'False'
[2026-01-29 17:44:48Z INFO CommandSettings] Flag 'version': 'False'
[2026-01-29 17:44:48Z INFO CommandSettings] Flag 'commit': 'False'
[2026-01-29 17:44:48Z INFO CommandSettings] Flag 'check': 'False'
[2026-01-29 17:44:48Z INFO CommandSettings] Command 'configure': 'False'
[2026-01-29 17:44:48Z INFO CommandSettings] Command 'remove': 'False'
[2026-01-29 17:44:48Z INFO CommandSettings] Command 'warmup': 'False'
[2026-01-29 17:44:48Z INFO ConfigurationManager] LoadSettings
[2026-01-29 17:44:48Z INFO ConfigurationStore] IsConfigured()
[2026-01-29 17:44:48Z INFO ConfigurationStore] IsConfigured: True
[2026-01-29 17:44:48Z INFO ConfigurationManager] Is configured: True
[2026-01-29 17:44:48Z INFO ConfigurationStore] Read setting file: 399 chars
[2026-01-29 17:44:48Z INFO ConfigurationManager] Settings Loaded
[2026-01-29 17:44:48Z INFO ConfigurationStore] IsServiceConfigured()
[2026-01-29 17:44:48Z INFO ConfigurationStore] IsServiceConfigured: False
[2026-01-29 17:44:48Z INFO CommandSettings] Command 'run': 'True'
[2026-01-29 17:44:48Z INFO ConfigurationStore] IsConfigured()
[2026-01-29 17:44:48Z INFO ConfigurationStore] IsConfigured: True
[2026-01-29 17:44:48Z INFO ConfigurationManager] Is configured: True
[2026-01-29 17:44:48Z INFO Runner] Could not parse the argument value '' for StartupType. Defaulting to Manual
[2026-01-29 17:44:48Z INFO Runner] Set runner startup type - Manual
[2026-01-29 17:44:48Z INFO CommandSettings] Flag 'once': 'False'
[2026-01-29 17:44:48Z INFO CommandSettings] Flag 'once': 'False'
[2026-01-29 17:44:48Z INFO Runner] RunAsync
[2026-01-29 17:44:48Z INFO ConfigurationManager] LoadMigratedSettings
[2026-01-29 17:44:48Z INFO ConfigurationStore] IsMigratedConfigured()
[2026-01-29 17:44:48Z INFO ConfigurationStore] IsMigratedConfigured: False
[2026-01-29 17:44:48Z INFO Runner] Failed to load migrated settings: No migrated configuration found.
[2026-01-29 17:44:48Z INFO Runner] Falling back to original .runner settings
[2026-01-29 17:44:48Z INFO Runner] Using BrokerMessageListener
[2026-01-29 17:44:48Z INFO BrokerMessageListener] Using provided settings
[2026-01-29 17:44:48Z INFO BrokerMessageListener] {
  "AgentId": 3,
  "AgentName": "WILDER",
  "PoolId": 1,
  "PoolName": "Default",
  "ServerUrl": "https://pipelinesghubeus24.actions.githubusercontent.com/RTN4R0V6xVWGgnxXQeSZ1MTTri6PwC5ztHGEJmaXuO6Lct0pMY/",
  "GitHubUrl": "https://github.com/ZpudpZ/Sistema-de-Estudiantes",
  "WorkFolder": "_work",
  "UseV2Flow": true,
  "ServerUrlV2": "https://broker.actions.githubusercontent.com/"
}
[2026-01-29 17:44:48Z INFO BrokerMessageListener] Loading Credentials
[2026-01-29 17:44:48Z INFO ConfigurationStore] HasCredentials()
[2026-01-29 17:44:48Z INFO ConfigurationStore] stored True
[2026-01-29 17:44:48Z INFO CredentialManager] GetCredentialProvider
[2026-01-29 17:44:48Z INFO CredentialManager] Creating type OAuth
[2026-01-29 17:44:48Z INFO CredentialManager] Creating credential type: OAuth
[2026-01-29 17:44:48Z INFO HostContext] Well known directory 'Bin': 'C:\Users\Wilder_Ivan\Documents\PyCharm\Gestion de estudiantes\actions-runner\bin'
[2026-01-29 17:44:48Z INFO HostContext] Well known directory 'Root': 'C:\Users\Wilder_Ivan\Documents\PyCharm\Gestion de estudiantes\actions-runner'
[2026-01-29 17:44:48Z INFO HostContext] Well known config file 'RSACredentials': 'C:\Users\Wilder_Ivan\Documents\PyCharm\Gestion de estudiantes\actions-runner\.credentials_rsaparams'
[2026-01-29 17:44:48Z INFO RSAEncryptedFileKeyManager] Loading RSA key parameters from file C:\Users\Wilder_Ivan\Documents\PyCharm\Gestion de estudiantes\actions-runner\.credentials_rsaparams
[2026-01-29 17:44:48Z INFO BrokerMessageListener] Attempt to create session.
[2026-01-29 17:44:48Z INFO BrokerMessageListener] Connecting to the Broker Server...
[2026-01-29 17:44:48Z INFO ConfigurationStore] HasCredentials()
[2026-01-29 17:44:48Z INFO ConfigurationStore] stored True
[2026-01-29 17:44:48Z INFO CredentialManager] GetCredentialProvider
[2026-01-29 17:44:48Z INFO CredentialManager] Creating type OAuth
[2026-01-29 17:44:48Z INFO CredentialManager] Creating credential type: OAuth
[2026-01-29 17:44:48Z INFO RSAEncryptedFileKeyManager] Loading RSA key parameters from file C:\Users\Wilder_Ivan\Documents\PyCharm\Gestion de estudiantes\actions-runner\.credentials_rsaparams
[2026-01-29 17:44:48Z INFO BrokerMessageListener] VssConnection created
[2026-01-29 17:44:48Z INFO BrokerMessageListener] Connecting to the Runner server...
[2026-01-29 17:44:48Z INFO RunnerServer] EstablishVssConnection
[2026-01-29 17:44:48Z INFO RunnerServer] Establish connection with 100 seconds timeout.
[2026-01-29 17:44:48Z INFO GitHubActionsService] Starting operation Location.GetConnectionData
[2026-01-29 17:44:48Z INFO RunnerServer] EstablishVssConnection
[2026-01-29 17:44:48Z INFO RunnerServer] Establish connection with 60 seconds timeout.
[2026-01-29 17:44:48Z INFO GitHubActionsService] Starting operation Location.GetConnectionData
[2026-01-29 17:44:48Z INFO RunnerServer] EstablishVssConnection
[2026-01-29 17:44:48Z INFO RunnerServer] Establish connection with 60 seconds timeout.
[2026-01-29 17:44:48Z INFO GitHubActionsService] Starting operation Location.GetConnectionData
[2026-01-29 17:44:50Z INFO GitHubActionsService] Finished operation Location.GetConnectionData
[2026-01-29 17:44:50Z INFO GitHubActionsService] Finished operation Location.GetConnectionData
[2026-01-29 17:44:50Z INFO GitHubActionsService] Finished operation Location.GetConnectionData
[2026-01-29 17:44:50Z INFO BrokerMessageListener] VssConnection created
[2026-01-29 17:44:50Z INFO Terminal] WRITE LINE: 
[2026-01-29 17:44:50Z INFO Terminal] WRITE LINE: 
[2026-01-29 17:44:50Z INFO RSAEncryptedFileKeyManager] Loading RSA key parameters from file C:\Users\Wilder_Ivan\Documents\PyCharm\Gestion de estudiantes\actions-runner\.credentials_rsaparams
[2026-01-29 17:44:50Z INFO RSAEncryptedFileKeyManager] Loading RSA key parameters from file C:\Users\Wilder_Ivan\Documents\PyCharm\Gestion de estudiantes\actions-runner\.credentials_rsaparams
[2026-01-29 17:44:51Z INFO GitHubActionsService] AAD Correlation ID for this token request: Unknown
[2026-01-29 17:44:53Z INFO BrokerMessageListener] Session created.
[2026-01-29 17:44:53Z INFO Terminal] WRITE LINE: Current runner version: '2.331.0'
[2026-01-29 17:44:53Z INFO Terminal] WRITE LINE: 2026-01-29 17:44:53Z: Listening for Jobs
[2026-01-29 17:44:53Z INFO JobDispatcher] Set runner/worker IPC timeout to 30 seconds.
[2026-01-29 17:45:33Z INFO BrokerMessageListener] Acknowledging runner request '45664a03-6315-5dc0-b284-8520525140b6'.
[2026-01-29 17:45:34Z INFO ConfigurationStore] HasCredentials()
[2026-01-29 17:45:34Z INFO ConfigurationStore] stored True
[2026-01-29 17:45:34Z INFO CredentialManager] GetCredentialProvider
[2026-01-29 17:45:34Z INFO CredentialManager] Creating type OAuth
[2026-01-29 17:45:34Z INFO CredentialManager] Creating credential type: OAuth
[2026-01-29 17:45:34Z INFO RSAEncryptedFileKeyManager] Loading RSA key parameters from file C:\Users\Wilder_Ivan\Documents\PyCharm\Gestion de estudiantes\actions-runner\.credentials_rsaparams
[2026-01-29 17:45:34Z INFO RSAEncryptedFileKeyManager] Loading RSA key parameters from file C:\Users\Wilder_Ivan\Documents\PyCharm\Gestion de estudiantes\actions-runner\.credentials_rsaparams
[2026-01-29 17:45:34Z INFO RSAEncryptedFileKeyManager] Loading RSA key parameters from file C:\Users\Wilder_Ivan\Documents\PyCharm\Gestion de estudiantes\actions-runner\.credentials_rsaparams
[2026-01-29 17:45:35Z INFO GitHubActionsService] AAD Correlation ID for this token request: Unknown
[2026-01-29 17:45:37Z INFO JobDispatcher] Job request 0 for plan 40557d5b-7e7d-40f6-9ed1-760960dc790e job 45664a03-6315-5dc0-b284-8520525140b6 received.
[2026-01-29 17:45:37Z INFO JobDispatcher] Pull OrchestrationId 40557d5b-7e7d-40f6-9ed1-760960dc790e.deploy-to-server.__default from JWT claims
[2026-01-29 17:45:37Z INFO BrokerMessageListener] Received job status event. JobState: Busy
[2026-01-29 17:45:37Z INFO BrokerMessageListener] _getMessagesTokenSource is already disposed.
[2026-01-29 17:45:37Z INFO Terminal] WRITE LINE: 2026-01-29 17:45:37Z: Running job: deploy-to-server
[2026-01-29 17:45:37Z INFO JobDispatcher] Start renew job request 0 for job 45664a03-6315-5dc0-b284-8520525140b6.
[2026-01-29 17:45:37Z INFO JobDispatcher] Successfully renew job 45664a03-6315-5dc0-b284-8520525140b6, job is valid till 29/1/2026 17:55:09
[2026-01-29 17:45:37Z INFO HostContext] Well known directory 'Bin': 'C:\Users\Wilder_Ivan\Documents\PyCharm\Gestion de estudiantes\actions-runner\bin'
[2026-01-29 17:45:37Z INFO ProcessInvokerWrapper] Starting process:
[2026-01-29 17:45:37Z INFO ProcessInvokerWrapper]   File name: 'C:\Users\Wilder_Ivan\Documents\PyCharm\Gestion de estudiantes\actions-runner\bin\Runner.Worker.exe'
[2026-01-29 17:45:37Z INFO ProcessInvokerWrapper]   Arguments: 'spawnclient 2300 2288'
[2026-01-29 17:45:37Z INFO ProcessInvokerWrapper]   Working directory: 'C:\Users\Wilder_Ivan\Documents\PyCharm\Gestion de estudiantes\actions-runner\bin'
[2026-01-29 17:45:37Z INFO ProcessInvokerWrapper]   Require exit code zero: 'False'
[2026-01-29 17:45:37Z INFO ProcessInvokerWrapper]   Encoding web name:  ; code page: ''
[2026-01-29 17:45:37Z INFO ProcessInvokerWrapper]   Force kill process on cancellation: 'True'
[2026-01-29 17:45:37Z INFO ProcessInvokerWrapper]   Redirected STDIN: 'False'
[2026-01-29 17:45:37Z INFO ProcessInvokerWrapper]   Persist current code page: 'False'
[2026-01-29 17:45:37Z INFO ProcessInvokerWrapper]   Keep redirected STDIN open: 'False'
[2026-01-29 17:45:37Z INFO ProcessInvokerWrapper]   High priority process: 'True'
[2026-01-29 17:45:37Z INFO ProcessInvokerWrapper] Process started with process id 22004, waiting for process exit.
[2026-01-29 17:45:37Z INFO JobDispatcher] Send job request message to worker for job 45664a03-6315-5dc0-b284-8520525140b6.
[2026-01-29 17:45:38Z INFO ProcessChannel] Sending message of length 20470, with hash 'a989ad4ce18bfd908943f7323f05339e38641d6d6ecb9339cb4ed99defa5b216'
[2026-01-29 17:45:38Z INFO JobNotification] Entering JobStarted Notification
[2026-01-29 17:45:38Z INFO JobNotification] Entering StartMonitor
[2026-01-29 17:46:38Z INFO JobDispatcher] Successfully renew job 45664a03-6315-5dc0-b284-8520525140b6, job is valid till 29/1/2026 17:56:09
[2026-01-29 17:46:54Z INFO ProcessInvokerWrapper] STDOUT/STDERR stream read finished.
[2026-01-29 17:46:54Z INFO ProcessInvokerWrapper] STDOUT/STDERR stream read finished.
[2026-01-29 17:46:54Z INFO ProcessInvokerWrapper] Finished process 22004 with exit code 100, and elapsed time 00:01:16.8440446.
[2026-01-29 17:46:54Z INFO JobDispatcher] Worker finished for job 45664a03-6315-5dc0-b284-8520525140b6. Code: 100
[2026-01-29 17:46:54Z INFO JobDispatcher] finish job request for job 45664a03-6315-5dc0-b284-8520525140b6 with result: Succeeded
[2026-01-29 17:46:54Z INFO Terminal] WRITE LINE: 2026-01-29 17:46:54Z: Job deploy-to-server completed with result: Succeeded
[2026-01-29 17:46:54Z INFO JobDispatcher] Stop renew job request for job 45664a03-6315-5dc0-b284-8520525140b6.
[2026-01-29 17:46:54Z INFO JobDispatcher] job renew has been cancelled, stop renew job 45664a03-6315-5dc0-b284-8520525140b6.
[2026-01-29 17:46:54Z INFO JobNotification] Entering JobCompleted Notification
[2026-01-29 17:46:54Z INFO JobNotification] Entering EndMonitor
[2026-01-29 17:46:54Z INFO BrokerMessageListener] Received job status event. JobState: Online
[2026-01-29 17:46:54Z WARN GitHubActionsService] GET request to https://broker.actions.githubusercontent.com/message?sessionId=a610b578-8d21-4645-918a-54eebd959a41&status=Busy&runnerVersion=2.331.0&os=Windows&architecture=X64&disableUpdate=false has been cancelled.
[2026-01-29 17:46:54Z ERR  BrokerServer] Catch exception during request
[2026-01-29 17:46:54Z ERR  BrokerServer] System.Threading.Tasks.TaskCanceledException: The operation was canceled.
 ---> System.Threading.Tasks.TaskCanceledException: The operation was canceled.
 ---> System.IO.IOException: Unable to read data from the transport connection: La operación de E/S se anuló por una salida de subproceso o por una solicitud de aplicación..
 ---> System.Net.Sockets.SocketException (995): La operación de E/S se anuló por una salida de subproceso o por una solicitud de aplicación.
   --- End of inner exception stack trace ---
   at System.Net.Sockets.Socket.AwaitableSocketAsyncEventArgs.ThrowException(SocketError error, CancellationToken cancellationToken)
   at System.Net.Sockets.Socket.AwaitableSocketAsyncEventArgs.System.Threading.Tasks.Sources.IValueTaskSource<System.Int32>.GetResult(Int16 token)
   at System.Net.Security.SslStream.EnsureFullTlsFrameAsync[TIOAdapter](CancellationToken cancellationToken, Int32 estimatedSize)
   at System.Runtime.CompilerServices.PoolingAsyncValueTaskMethodBuilder`1.StateMachineBox`1.System.Threading.Tasks.Sources.IValueTaskSource<TResult>.GetResult(Int16 token)
   at System.Net.Security.SslStream.ReadAsyncInternal[TIOAdapter](Memory`1 buffer, CancellationToken cancellationToken)
   at System.Runtime.CompilerServices.PoolingAsyncValueTaskMethodBuilder`1.StateMachineBox`1.System.Threading.Tasks.Sources.IValueTaskSource<TResult>.GetResult(Int16 token)
   at System.Net.Http.HttpConnection.SendAsync(HttpRequestMessage request, Boolean async, CancellationToken cancellationToken)
   --- End of inner exception stack trace ---
   at System.Net.Http.HttpConnection.SendAsync(HttpRequestMessage request, Boolean async, CancellationToken cancellationToken)
   at System.Net.Http.AuthenticationHelper.SendWithNtAuthAsync(HttpRequestMessage request, Uri authUri, Boolean async, ICredentials credentials, Boolean isProxyAuth, HttpConnection connection, HttpConnectionPool connectionPool, CancellationToken cancellationToken)
   at System.Net.Http.HttpConnectionPool.SendWithVersionDetectionAndRetryAsync(HttpRequestMessage request, Boolean async, Boolean doRequestAuth, CancellationToken cancellationToken)
   at System.Net.Http.AuthenticationHelper.SendWithAuthAsync(HttpRequestMessage request, Uri authUri, Boolean async, ICredentials credentials, Boolean preAuthenticate, Boolean isProxyAuth, Boolean doRequestAuth, HttpConnectionPool pool, CancellationToken cancellationToken)
   at System.Net.Http.RedirectHandler.SendAsync(HttpRequestMessage request, Boolean async, CancellationToken cancellationToken)
   at GitHub.Services.Common.RawHttpMessageHandler.SendAsync(HttpRequestMessage request, CancellationToken cancellationToken)
   at GitHub.Services.Common.VssHttpRetryMessageHandler.SendAsync(HttpRequestMessage request, CancellationToken cancellationToken)
   at System.Net.Http.HttpClient.<SendAsync>g__Core|83_0(HttpRequestMessage request, HttpCompletionOption completionOption, CancellationTokenSource cts, Boolean disposeCts, CancellationTokenSource pendingRequestsCts, CancellationToken originalCancellationToken)
   --- End of inner exception stack trace ---
   at System.Net.Http.HttpClient.HandleFailure(Exception e, Boolean telemetryStarted, HttpResponseMessage response, CancellationTokenSource cts, CancellationToken cancellationToken, CancellationTokenSource pendingRequestsCts)
   at System.Net.Http.HttpClient.<SendAsync>g__Core|83_0(HttpRequestMessage request, HttpCompletionOption completionOption, CancellationTokenSource cts, Boolean disposeCts, CancellationTokenSource pendingRequestsCts, CancellationToken originalCancellationToken)
   at Sdk.WebApi.WebApi.RawHttpClientBase.SendAsync(HttpRequestMessage message, HttpCompletionOption completionOption, Object userState, CancellationToken cancellationToken)
   at Sdk.WebApi.WebApi.RawHttpClientBase.SendAsync[T](HttpRequestMessage message, Boolean readErrorBody, Object userState, CancellationToken cancellationToken)
   at Sdk.WebApi.WebApi.RawHttpClientBase.SendAsync[T](HttpMethod method, IEnumerable`1 additionalHeaders, Uri requestUri, HttpContent content, IEnumerable`1 queryParameters, Boolean readErrorBody, Object userState, CancellationToken cancellationToken)
   at GitHub.Actions.RunService.WebApi.BrokerHttpClient.GetRunnerMessageAsync(Nullable`1 sessionId, String runnerVersion, Nullable`1 status, String os, String architecture, Nullable`1 disableUpdate, CancellationToken cancellationToken)
   at GitHub.Runner.Common.BrokerServer.<>c__DisplayClass7_0.<<GetRunnerMessageAsync>b__0>d.MoveNext()
--- End of stack trace from previous location ---
   at GitHub.Runner.Common.RunnerService.RetryRequest[T](Func`1 func, CancellationToken cancellationToken, Int32 maxAttempts, Func`2 shouldRetry)
[2026-01-29 17:46:54Z ERR  BrokerServer] #####################################################
[2026-01-29 17:46:54Z ERR  BrokerServer] System.Threading.Tasks.TaskCanceledException: The operation was canceled.
 ---> System.IO.IOException: Unable to read data from the transport connection: La operación de E/S se anuló por una salida de subproceso o por una solicitud de aplicación..
 ---> System.Net.Sockets.SocketException (995): La operación de E/S se anuló por una salida de subproceso o por una solicitud de aplicación.
   --- End of inner exception stack trace ---
   at System.Net.Sockets.Socket.AwaitableSocketAsyncEventArgs.ThrowException(SocketError error, CancellationToken cancellationToken)
   at System.Net.Sockets.Socket.AwaitableSocketAsyncEventArgs.System.Threading.Tasks.Sources.IValueTaskSource<System.Int32>.GetResult(Int16 token)
   at System.Net.Security.SslStream.EnsureFullTlsFrameAsync[TIOAdapter](CancellationToken cancellationToken, Int32 estimatedSize)
   at System.Runtime.CompilerServices.PoolingAsyncValueTaskMethodBuilder`1.StateMachineBox`1.System.Threading.Tasks.Sources.IValueTaskSource<TResult>.GetResult(Int16 token)
   at System.Net.Security.SslStream.ReadAsyncInternal[TIOAdapter](Memory`1 buffer, CancellationToken cancellationToken)
   at System.Runtime.CompilerServices.PoolingAsyncValueTaskMethodBuilder`1.StateMachineBox`1.System.Threading.Tasks.Sources.IValueTaskSource<TResult>.GetResult(Int16 token)
   at System.Net.Http.HttpConnection.SendAsync(HttpRequestMessage request, Boolean async, CancellationToken cancellationToken)
   --- End of inner exception stack trace ---
   at System.Net.Http.HttpConnection.SendAsync(HttpRequestMessage request, Boolean async, CancellationToken cancellationToken)
   at System.Net.Http.AuthenticationHelper.SendWithNtAuthAsync(HttpRequestMessage request, Uri authUri, Boolean async, ICredentials credentials, Boolean isProxyAuth, HttpConnection connection, HttpConnectionPool connectionPool, CancellationToken cancellationToken)
   at System.Net.Http.HttpConnectionPool.SendWithVersionDetectionAndRetryAsync(HttpRequestMessage request, Boolean async, Boolean doRequestAuth, CancellationToken cancellationToken)
   at System.Net.Http.AuthenticationHelper.SendWithAuthAsync(HttpRequestMessage request, Uri authUri, Boolean async, ICredentials credentials, Boolean preAuthenticate, Boolean isProxyAuth, Boolean doRequestAuth, HttpConnectionPool pool, CancellationToken cancellationToken)
   at System.Net.Http.RedirectHandler.SendAsync(HttpRequestMessage request, Boolean async, CancellationToken cancellationToken)
   at GitHub.Services.Common.RawHttpMessageHandler.SendAsync(HttpRequestMessage request, CancellationToken cancellationToken)
   at GitHub.Services.Common.VssHttpRetryMessageHandler.SendAsync(HttpRequestMessage request, CancellationToken cancellationToken)
   at System.Net.Http.HttpClient.<SendAsync>g__Core|83_0(HttpRequestMessage request, HttpCompletionOption completionOption, CancellationTokenSource cts, Boolean disposeCts, CancellationTokenSource pendingRequestsCts, CancellationToken originalCancellationToken)
[2026-01-29 17:46:54Z ERR  BrokerServer] #####################################################
[2026-01-29 17:46:54Z ERR  BrokerServer] System.IO.IOException: Unable to read data from the transport connection: La operación de E/S se anuló por una salida de subproceso o por una solicitud de aplicación..
 ---> System.Net.Sockets.SocketException (995): La operación de E/S se anuló por una salida de subproceso o por una solicitud de aplicación.
   --- End of inner exception stack trace ---
   at System.Net.Sockets.Socket.AwaitableSocketAsyncEventArgs.ThrowException(SocketError error, CancellationToken cancellationToken)
   at System.Net.Sockets.Socket.AwaitableSocketAsyncEventArgs.System.Threading.Tasks.Sources.IValueTaskSource<System.Int32>.GetResult(Int16 token)
   at System.Net.Security.SslStream.EnsureFullTlsFrameAsync[TIOAdapter](CancellationToken cancellationToken, Int32 estimatedSize)
   at System.Runtime.CompilerServices.PoolingAsyncValueTaskMethodBuilder`1.StateMachineBox`1.System.Threading.Tasks.Sources.IValueTaskSource<TResult>.GetResult(Int16 token)
   at System.Net.Security.SslStream.ReadAsyncInternal[TIOAdapter](Memory`1 buffer, CancellationToken cancellationToken)
   at System.Runtime.CompilerServices.PoolingAsyncValueTaskMethodBuilder`1.StateMachineBox`1.System.Threading.Tasks.Sources.IValueTaskSource<TResult>.GetResult(Int16 token)
   at System.Net.Http.HttpConnection.SendAsync(HttpRequestMessage request, Boolean async, CancellationToken cancellationToken)
[2026-01-29 17:46:54Z ERR  BrokerServer] #####################################################
[2026-01-29 17:46:54Z ERR  BrokerServer] System.Net.Sockets.SocketException (995): La operación de E/S se anuló por una salida de subproceso o por una solicitud de aplicación.
[2026-01-29 17:46:54Z WARN BrokerServer] Back off 10.357 seconds before next retry. 4 attempt left.
[2026-01-29 17:46:54Z INFO BrokerMessageListener] Get messages has been cancelled using local token source. Continue to get messages with new status.
[2026-01-29 17:55:58Z INFO BrokerMessageListener] Acknowledging runner request '457bd525-0992-55b2-b300-dd7fef0871de'.
[2026-01-29 17:55:58Z INFO ConfigurationStore] HasCredentials()
[2026-01-29 17:55:58Z INFO ConfigurationStore] stored True
[2026-01-29 17:55:58Z INFO CredentialManager] GetCredentialProvider
[2026-01-29 17:55:58Z INFO CredentialManager] Creating type OAuth
[2026-01-29 17:55:58Z INFO CredentialManager] Creating credential type: OAuth
[2026-01-29 17:55:58Z INFO RSAEncryptedFileKeyManager] Loading RSA key parameters from file C:\Users\Wilder_Ivan\Documents\PyCharm\Gestion de estudiantes\actions-runner\.credentials_rsaparams
[2026-01-29 17:55:58Z INFO RSAEncryptedFileKeyManager] Loading RSA key parameters from file C:\Users\Wilder_Ivan\Documents\PyCharm\Gestion de estudiantes\actions-runner\.credentials_rsaparams
[2026-01-29 17:55:58Z INFO RSAEncryptedFileKeyManager] Loading RSA key parameters from file C:\Users\Wilder_Ivan\Documents\PyCharm\Gestion de estudiantes\actions-runner\.credentials_rsaparams
[2026-01-29 17:55:59Z INFO GitHubActionsService] AAD Correlation ID for this token request: Unknown
[2026-01-29 17:56:01Z INFO JobDispatcher] Job request 0 for plan 9c8a0383-dc2b-4be8-a585-71bcceabc613 job 457bd525-0992-55b2-b300-dd7fef0871de received.
[2026-01-29 17:56:01Z INFO JobDispatcher] Pull OrchestrationId 9c8a0383-dc2b-4be8-a585-71bcceabc613.deploy-to-server.__default from JWT claims
[2026-01-29 17:56:01Z INFO BrokerMessageListener] Received job status event. JobState: Busy
[2026-01-29 17:56:01Z INFO BrokerMessageListener] _getMessagesTokenSource is already disposed.
[2026-01-29 17:56:01Z INFO JobDispatcher] Job request 45664a03-6315-5dc0-b284-8520525140b6 processed succeed.
[2026-01-29 17:56:01Z INFO Terminal] WRITE LINE: 2026-01-29 17:56:01Z: Running job: deploy-to-server
[2026-01-29 17:56:01Z INFO JobDispatcher] Start renew job request 0 for job 457bd525-0992-55b2-b300-dd7fef0871de.
[2026-01-29 17:56:02Z INFO JobDispatcher] Successfully renew job 457bd525-0992-55b2-b300-dd7fef0871de, job is valid till 29/1/2026 18:05:33
[2026-01-29 17:56:02Z INFO HostContext] Well known directory 'Bin': 'C:\Users\Wilder_Ivan\Documents\PyCharm\Gestion de estudiantes\actions-runner\bin'
[2026-01-29 17:56:02Z INFO ProcessInvokerWrapper] Starting process:
[2026-01-29 17:56:02Z INFO ProcessInvokerWrapper]   File name: 'C:\Users\Wilder_Ivan\Documents\PyCharm\Gestion de estudiantes\actions-runner\bin\Runner.Worker.exe'
[2026-01-29 17:56:02Z INFO ProcessInvokerWrapper]   Arguments: 'spawnclient 1668 2364'
[2026-01-29 17:56:02Z INFO ProcessInvokerWrapper]   Working directory: 'C:\Users\Wilder_Ivan\Documents\PyCharm\Gestion de estudiantes\actions-runner\bin'
[2026-01-29 17:56:02Z INFO ProcessInvokerWrapper]   Require exit code zero: 'False'
[2026-01-29 17:56:02Z INFO ProcessInvokerWrapper]   Encoding web name:  ; code page: ''
[2026-01-29 17:56:02Z INFO ProcessInvokerWrapper]   Force kill process on cancellation: 'True'
[2026-01-29 17:56:02Z INFO ProcessInvokerWrapper]   Redirected STDIN: 'False'
[2026-01-29 17:56:02Z INFO ProcessInvokerWrapper]   Persist current code page: 'False'
[2026-01-29 17:56:02Z INFO ProcessInvokerWrapper]   Keep redirected STDIN open: 'False'
[2026-01-29 17:56:02Z INFO ProcessInvokerWrapper]   High priority process: 'True'
[2026-01-29 17:56:02Z INFO ProcessInvokerWrapper] Process started with process id 23332, waiting for process exit.
[2026-01-29 17:56:02Z INFO JobDispatcher] Send job request message to worker for job 457bd525-0992-55b2-b300-dd7fef0871de.
[2026-01-29 17:56:02Z INFO ProcessChannel] Sending message of length 20563, with hash 'ad3e6e15a4993f2402c2ecd3c4e6bfb01dd86d03e8d3dddf96c9b252ea88be96'
[2026-01-29 17:56:02Z INFO JobNotification] Entering JobStarted Notification
[2026-01-29 17:56:02Z INFO JobNotification] Entering StartMonitor
[2026-01-29 17:57:02Z INFO JobDispatcher] Successfully renew job 457bd525-0992-55b2-b300-dd7fef0871de, job is valid till 29/1/2026 18:06:33
[2026-01-29 17:57:14Z INFO ProcessInvokerWrapper] STDOUT/STDERR stream read finished.
[2026-01-29 17:57:14Z INFO ProcessInvokerWrapper] STDOUT/STDERR stream read finished.
[2026-01-29 17:57:14Z INFO ProcessInvokerWrapper] Finished process 23332 with exit code 100, and elapsed time 00:01:12.9357030.
[2026-01-29 17:57:14Z INFO JobDispatcher] Worker finished for job 457bd525-0992-55b2-b300-dd7fef0871de. Code: 100
[2026-01-29 17:57:14Z INFO JobDispatcher] finish job request for job 457bd525-0992-55b2-b300-dd7fef0871de with result: Succeeded
[2026-01-29 17:57:14Z INFO Terminal] WRITE LINE: 2026-01-29 17:57:14Z: Job deploy-to-server completed with result: Succeeded
[2026-01-29 17:57:14Z INFO JobDispatcher] Stop renew job request for job 457bd525-0992-55b2-b300-dd7fef0871de.
[2026-01-29 17:57:14Z INFO JobDispatcher] job renew has been cancelled, stop renew job 457bd525-0992-55b2-b300-dd7fef0871de.
[2026-01-29 17:57:14Z INFO JobNotification] Entering JobCompleted Notification
[2026-01-29 17:57:14Z INFO JobNotification] Entering EndMonitor
[2026-01-29 17:57:14Z INFO BrokerMessageListener] Received job status event. JobState: Online
[2026-01-29 17:57:14Z WARN GitHubActionsService] GET request to https://broker.actions.githubusercontent.com/message?sessionId=a610b578-8d21-4645-918a-54eebd959a41&status=Busy&runnerVersion=2.331.0&os=Windows&architecture=X64&disableUpdate=false has been cancelled.
[2026-01-29 17:57:14Z ERR  BrokerServer] Catch exception during request
[2026-01-29 17:57:14Z ERR  BrokerServer] System.Threading.Tasks.TaskCanceledException: The operation was canceled.
 ---> System.Threading.Tasks.TaskCanceledException: The operation was canceled.
 ---> System.IO.IOException: Unable to read data from the transport connection: La operación de E/S se anuló por una salida de subproceso o por una solicitud de aplicación..
 ---> System.Net.Sockets.SocketException (995): La operación de E/S se anuló por una salida de subproceso o por una solicitud de aplicación.
   --- End of inner exception stack trace ---
   at System.Net.Sockets.Socket.AwaitableSocketAsyncEventArgs.System.Threading.Tasks.Sources.IValueTaskSource<System.Int32>.GetResult(Int16 token)
   at System.Net.Security.SslStream.EnsureFullTlsFrameAsync[TIOAdapter](CancellationToken cancellationToken, Int32 estimatedSize)
   at System.Runtime.CompilerServices.PoolingAsyncValueTaskMethodBuilder`1.StateMachineBox`1.System.Threading.Tasks.Sources.IValueTaskSource<TResult>.GetResult(Int16 token)
   at System.Net.Security.SslStream.ReadAsyncInternal[TIOAdapter](Memory`1 buffer, CancellationToken cancellationToken)
   at System.Runtime.CompilerServices.PoolingAsyncValueTaskMethodBuilder`1.StateMachineBox`1.System.Threading.Tasks.Sources.IValueTaskSource<TResult>.GetResult(Int16 token)
   at System.Net.Http.HttpConnection.SendAsync(HttpRequestMessage request, Boolean async, CancellationToken cancellationToken)
   --- End of inner exception stack trace ---
   at System.Net.Http.HttpConnection.SendAsync(HttpRequestMessage request, Boolean async, CancellationToken cancellationToken)
   at System.Net.Http.AuthenticationHelper.SendWithNtAuthAsync(HttpRequestMessage request, Uri authUri, Boolean async, ICredentials credentials, Boolean isProxyAuth, HttpConnection connection, HttpConnectionPool connectionPool, CancellationToken cancellationToken)
   at System.Net.Http.HttpConnectionPool.SendWithVersionDetectionAndRetryAsync(HttpRequestMessage request, Boolean async, Boolean doRequestAuth, CancellationToken cancellationToken)
   at System.Net.Http.AuthenticationHelper.SendWithAuthAsync(HttpRequestMessage request, Uri authUri, Boolean async, ICredentials credentials, Boolean preAuthenticate, Boolean isProxyAuth, Boolean doRequestAuth, HttpConnectionPool pool, CancellationToken cancellationToken)
   at System.Net.Http.RedirectHandler.SendAsync(HttpRequestMessage request, Boolean async, CancellationToken cancellationToken)
   at GitHub.Services.Common.RawHttpMessageHandler.SendAsync(HttpRequestMessage request, CancellationToken cancellationToken)
   at GitHub.Services.Common.VssHttpRetryMessageHandler.SendAsync(HttpRequestMessage request, CancellationToken cancellationToken)
   at System.Net.Http.HttpClient.<SendAsync>g__Core|83_0(HttpRequestMessage request, HttpCompletionOption completionOption, CancellationTokenSource cts, Boolean disposeCts, CancellationTokenSource pendingRequestsCts, CancellationToken originalCancellationToken)
   --- End of inner exception stack trace ---
   at System.Net.Http.HttpClient.HandleFailure(Exception e, Boolean telemetryStarted, HttpResponseMessage response, CancellationTokenSource cts, CancellationToken cancellationToken, CancellationTokenSource pendingRequestsCts)
   at System.Net.Http.HttpClient.<SendAsync>g__Core|83_0(HttpRequestMessage request, HttpCompletionOption completionOption, CancellationTokenSource cts, Boolean disposeCts, CancellationTokenSource pendingRequestsCts, CancellationToken originalCancellationToken)
   at Sdk.WebApi.WebApi.RawHttpClientBase.SendAsync(HttpRequestMessage message, HttpCompletionOption completionOption, Object userState, CancellationToken cancellationToken)
   at Sdk.WebApi.WebApi.RawHttpClientBase.SendAsync[T](HttpRequestMessage message, Boolean readErrorBody, Object userState, CancellationToken cancellationToken)
   at Sdk.WebApi.WebApi.RawHttpClientBase.SendAsync[T](HttpMethod method, IEnumerable`1 additionalHeaders, Uri requestUri, HttpContent content, IEnumerable`1 queryParameters, Boolean readErrorBody, Object userState, CancellationToken cancellationToken)
   at GitHub.Actions.RunService.WebApi.BrokerHttpClient.GetRunnerMessageAsync(Nullable`1 sessionId, String runnerVersion, Nullable`1 status, String os, String architecture, Nullable`1 disableUpdate, CancellationToken cancellationToken)
   at GitHub.Runner.Common.BrokerServer.<>c__DisplayClass7_0.<<GetRunnerMessageAsync>b__0>d.MoveNext()
--- End of stack trace from previous location ---
   at GitHub.Runner.Common.RunnerService.RetryRequest[T](Func`1 func, CancellationToken cancellationToken, Int32 maxAttempts, Func`2 shouldRetry)
[2026-01-29 17:57:14Z ERR  BrokerServer] #####################################################
[2026-01-29 17:57:14Z ERR  BrokerServer] System.Threading.Tasks.TaskCanceledException: The operation was canceled.
 ---> System.IO.IOException: Unable to read data from the transport connection: La operación de E/S se anuló por una salida de subproceso o por una solicitud de aplicación..
 ---> System.Net.Sockets.SocketException (995): La operación de E/S se anuló por una salida de subproceso o por una solicitud de aplicación.
   --- End of inner exception stack trace ---
   at System.Net.Sockets.Socket.AwaitableSocketAsyncEventArgs.System.Threading.Tasks.Sources.IValueTaskSource<System.Int32>.GetResult(Int16 token)
   at System.Net.Security.SslStream.EnsureFullTlsFrameAsync[TIOAdapter](CancellationToken cancellationToken, Int32 estimatedSize)
   at System.Runtime.CompilerServices.PoolingAsyncValueTaskMethodBuilder`1.StateMachineBox`1.System.Threading.Tasks.Sources.IValueTaskSource<TResult>.GetResult(Int16 token)
   at System.Net.Security.SslStream.ReadAsyncInternal[TIOAdapter](Memory`1 buffer, CancellationToken cancellationToken)
   at System.Runtime.CompilerServices.PoolingAsyncValueTaskMethodBuilder`1.StateMachineBox`1.System.Threading.Tasks.Sources.IValueTaskSource<TResult>.GetResult(Int16 token)
   at System.Net.Http.HttpConnection.SendAsync(HttpRequestMessage request, Boolean async, CancellationToken cancellationToken)
   --- End of inner exception stack trace ---
   at System.Net.Http.HttpConnection.SendAsync(HttpRequestMessage request, Boolean async, CancellationToken cancellationToken)
   at System.Net.Http.AuthenticationHelper.SendWithNtAuthAsync(HttpRequestMessage request, Uri authUri, Boolean async, ICredentials credentials, Boolean isProxyAuth, HttpConnection connection, HttpConnectionPool connectionPool, CancellationToken cancellationToken)
   at System.Net.Http.HttpConnectionPool.SendWithVersionDetectionAndRetryAsync(HttpRequestMessage request, Boolean async, Boolean doRequestAuth, CancellationToken cancellationToken)
   at System.Net.Http.AuthenticationHelper.SendWithAuthAsync(HttpRequestMessage request, Uri authUri, Boolean async, ICredentials credentials, Boolean preAuthenticate, Boolean isProxyAuth, Boolean doRequestAuth, HttpConnectionPool pool, CancellationToken cancellationToken)
   at System.Net.Http.RedirectHandler.SendAsync(HttpRequestMessage request, Boolean async, CancellationToken cancellationToken)
   at GitHub.Services.Common.RawHttpMessageHandler.SendAsync(HttpRequestMessage request, CancellationToken cancellationToken)
   at GitHub.Services.Common.VssHttpRetryMessageHandler.SendAsync(HttpRequestMessage request, CancellationToken cancellationToken)
   at System.Net.Http.HttpClient.<SendAsync>g__Core|83_0(HttpRequestMessage request, HttpCompletionOption completionOption, CancellationTokenSource cts, Boolean disposeCts, CancellationTokenSource pendingRequestsCts, CancellationToken originalCancellationToken)
[2026-01-29 17:57:14Z ERR  BrokerServer] #####################################################
[2026-01-29 17:57:14Z ERR  BrokerServer] System.IO.IOException: Unable to read data from the transport connection: La operación de E/S se anuló por una salida de subproceso o por una solicitud de aplicación..
 ---> System.Net.Sockets.SocketException (995): La operación de E/S se anuló por una salida de subproceso o por una solicitud de aplicación.
   --- End of inner exception stack trace ---
   at System.Net.Sockets.Socket.AwaitableSocketAsyncEventArgs.System.Threading.Tasks.Sources.IValueTaskSource<System.Int32>.GetResult(Int16 token)
   at System.Net.Security.SslStream.EnsureFullTlsFrameAsync[TIOAdapter](CancellationToken cancellationToken, Int32 estimatedSize)
   at System.Runtime.CompilerServices.PoolingAsyncValueTaskMethodBuilder`1.StateMachineBox`1.System.Threading.Tasks.Sources.IValueTaskSource<TResult>.GetResult(Int16 token)
   at System.Net.Security.SslStream.ReadAsyncInternal[TIOAdapter](Memory`1 buffer, CancellationToken cancellationToken)
   at System.Runtime.CompilerServices.PoolingAsyncValueTaskMethodBuilder`1.StateMachineBox`1.System.Threading.Tasks.Sources.IValueTaskSource<TResult>.GetResult(Int16 token)
   at System.Net.Http.HttpConnection.SendAsync(HttpRequestMessage request, Boolean async, CancellationToken cancellationToken)
[2026-01-29 17:57:14Z ERR  BrokerServer] #####################################################
[2026-01-29 17:57:14Z ERR  BrokerServer] System.Net.Sockets.SocketException (995): La operación de E/S se anuló por una salida de subproceso o por una solicitud de aplicación.
[2026-01-29 17:57:14Z WARN BrokerServer] Back off 5.611 seconds before next retry. 4 attempt left.
[2026-01-29 17:57:14Z INFO BrokerMessageListener] Get messages has been cancelled using local token source. Continue to get messages with new status.
[2026-01-29 18:06:12Z INFO BrokerMessageListener] Acknowledging runner request '9d11976f-5146-56e9-887c-e8c912a1a1dc'.
[2026-01-29 18:06:12Z INFO ConfigurationStore] HasCredentials()
[2026-01-29 18:06:12Z INFO ConfigurationStore] stored True
[2026-01-29 18:06:12Z INFO CredentialManager] GetCredentialProvider
[2026-01-29 18:06:12Z INFO CredentialManager] Creating type OAuth
[2026-01-29 18:06:12Z INFO CredentialManager] Creating credential type: OAuth
[2026-01-29 18:06:12Z INFO RSAEncryptedFileKeyManager] Loading RSA key parameters from file C:\Users\Wilder_Ivan\Documents\PyCharm\Gestion de estudiantes\actions-runner\.credentials_rsaparams
[2026-01-29 18:06:12Z INFO RSAEncryptedFileKeyManager] Loading RSA key parameters from file C:\Users\Wilder_Ivan\Documents\PyCharm\Gestion de estudiantes\actions-runner\.credentials_rsaparams
[2026-01-29 18:06:12Z INFO RSAEncryptedFileKeyManager] Loading RSA key parameters from file C:\Users\Wilder_Ivan\Documents\PyCharm\Gestion de estudiantes\actions-runner\.credentials_rsaparams
[2026-01-29 18:06:13Z INFO GitHubActionsService] AAD Correlation ID for this token request: Unknown
[2026-01-29 18:06:15Z INFO JobDispatcher] Job request 0 for plan 4adafa2d-45f7-49e6-bf7f-6a3efb0a5b8a job 9d11976f-5146-56e9-887c-e8c912a1a1dc received.
[2026-01-29 18:06:15Z INFO JobDispatcher] Pull OrchestrationId 4adafa2d-45f7-49e6-bf7f-6a3efb0a5b8a.deploy-to-server.__default from JWT claims
[2026-01-29 18:06:15Z INFO BrokerMessageListener] Received job status event. JobState: Busy
[2026-01-29 18:06:15Z INFO BrokerMessageListener] _getMessagesTokenSource is already disposed.
[2026-01-29 18:06:15Z INFO JobDispatcher] Job request 457bd525-0992-55b2-b300-dd7fef0871de processed succeed.
[2026-01-29 18:06:15Z INFO Terminal] WRITE LINE: 2026-01-29 18:06:15Z: Running job: deploy-to-server
[2026-01-29 18:06:15Z INFO JobDispatcher] Start renew job request 0 for job 9d11976f-5146-56e9-887c-e8c912a1a1dc.
[2026-01-29 18:06:15Z INFO JobDispatcher] Successfully renew job 9d11976f-5146-56e9-887c-e8c912a1a1dc, job is valid till 29/1/2026 18:15:47
[2026-01-29 18:06:15Z INFO HostContext] Well known directory 'Bin': 'C:\Users\Wilder_Ivan\Documents\PyCharm\Gestion de estudiantes\actions-runner\bin'
[2026-01-29 18:06:15Z INFO ProcessInvokerWrapper] Starting process:
[2026-01-29 18:06:15Z INFO ProcessInvokerWrapper]   File name: 'C:\Users\Wilder_Ivan\Documents\PyCharm\Gestion de estudiantes\actions-runner\bin\Runner.Worker.exe'
[2026-01-29 18:06:15Z INFO ProcessInvokerWrapper]   Arguments: 'spawnclient 2156 2332'
[2026-01-29 18:06:15Z INFO ProcessInvokerWrapper]   Working directory: 'C:\Users\Wilder_Ivan\Documents\PyCharm\Gestion de estudiantes\actions-runner\bin'
[2026-01-29 18:06:15Z INFO ProcessInvokerWrapper]   Require exit code zero: 'False'
[2026-01-29 18:06:15Z INFO ProcessInvokerWrapper]   Encoding web name:  ; code page: ''
[2026-01-29 18:06:15Z INFO ProcessInvokerWrapper]   Force kill process on cancellation: 'True'
[2026-01-29 18:06:15Z INFO ProcessInvokerWrapper]   Redirected STDIN: 'False'
[2026-01-29 18:06:15Z INFO ProcessInvokerWrapper]   Persist current code page: 'False'
[2026-01-29 18:06:15Z INFO ProcessInvokerWrapper]   Keep redirected STDIN open: 'False'
[2026-01-29 18:06:15Z INFO ProcessInvokerWrapper]   High priority process: 'True'
[2026-01-29 18:06:15Z INFO ProcessInvokerWrapper] Process started with process id 20612, waiting for process exit.
[2026-01-29 18:06:15Z INFO JobDispatcher] Send job request message to worker for job 9d11976f-5146-56e9-887c-e8c912a1a1dc.
[2026-01-29 18:06:15Z INFO ProcessChannel] Sending message of length 20487, with hash '8803dc1578ab4a6b9aa8bfa8bfb8a6090a018b0e63872c98a3db1b9f9af0765c'
[2026-01-29 18:06:16Z INFO JobNotification] Entering JobStarted Notification
[2026-01-29 18:06:16Z INFO JobNotification] Entering StartMonitor
[2026-01-29 18:06:28Z INFO JobDispatcher] Job cancellation request 9d11976f-5146-56e9-887c-e8c912a1a1dc received, cancellation timeout 5 minutes.
[2026-01-29 18:06:28Z INFO JobDispatcher] Send job cancellation message to worker for job 9d11976f-5146-56e9-887c-e8c912a1a1dc.
[2026-01-29 18:06:28Z INFO ProcessChannel] Sending message of length 0, with hash 'e3b0c44298fc1c149afbf4c8996fb92427ae41e4649b934ca495991b7852b855'
[2026-01-29 18:06:28Z INFO JobDispatcher] Job cancellation request 9d11976f-5146-56e9-887c-e8c912a1a1dc received, cancellation timeout 5 minutes.
[2026-01-29 18:06:29Z INFO JobDispatcher] Job cancellation request 9d11976f-5146-56e9-887c-e8c912a1a1dc received, cancellation timeout 5 minutes.
[2026-01-29 18:06:29Z INFO JobDispatcher] Job cancellation request 9d11976f-5146-56e9-887c-e8c912a1a1dc received, cancellation timeout 5 minutes.
[2026-01-29 18:06:30Z INFO JobDispatcher] Job cancellation request 9d11976f-5146-56e9-887c-e8c912a1a1dc received, cancellation timeout 5 minutes.
[2026-01-29 18:06:30Z INFO JobDispatcher] Job cancellation request 9d11976f-5146-56e9-887c-e8c912a1a1dc received, cancellation timeout 5 minutes.
[2026-01-29 18:06:31Z INFO JobDispatcher] Job cancellation request 9d11976f-5146-56e9-887c-e8c912a1a1dc received, cancellation timeout 5 minutes.
[2026-01-29 18:06:31Z INFO JobDispatcher] Job cancellation request 9d11976f-5146-56e9-887c-e8c912a1a1dc received, cancellation timeout 5 minutes.
[2026-01-29 18:06:31Z INFO JobDispatcher] Job cancellation request 9d11976f-5146-56e9-887c-e8c912a1a1dc received, cancellation timeout 5 minutes.
[2026-01-29 18:06:32Z INFO JobDispatcher] Job cancellation request 9d11976f-5146-56e9-887c-e8c912a1a1dc received, cancellation timeout 5 minutes.
[2026-01-29 18:06:32Z INFO JobDispatcher] Job cancellation request 9d11976f-5146-56e9-887c-e8c912a1a1dc received, cancellation timeout 5 minutes.
[2026-01-29 18:06:32Z INFO JobDispatcher] Job cancellation request 9d11976f-5146-56e9-887c-e8c912a1a1dc received, cancellation timeout 5 minutes.
[2026-01-29 18:06:33Z INFO JobDispatcher] Job cancellation request 9d11976f-5146-56e9-887c-e8c912a1a1dc received, cancellation timeout 5 minutes.
[2026-01-29 18:06:33Z INFO JobDispatcher] Job cancellation request 9d11976f-5146-56e9-887c-e8c912a1a1dc received, cancellation timeout 5 minutes.
[2026-01-29 18:06:34Z INFO JobDispatcher] Job cancellation request 9d11976f-5146-56e9-887c-e8c912a1a1dc received, cancellation timeout 5 minutes.
[2026-01-29 18:06:34Z INFO JobDispatcher] Job cancellation request 9d11976f-5146-56e9-887c-e8c912a1a1dc received, cancellation timeout 5 minutes.
[2026-01-29 18:06:35Z INFO JobDispatcher] Job cancellation request 9d11976f-5146-56e9-887c-e8c912a1a1dc received, cancellation timeout 5 minutes.
[2026-01-29 18:06:35Z INFO JobDispatcher] Job cancellation request 9d11976f-5146-56e9-887c-e8c912a1a1dc received, cancellation timeout 5 minutes.
[2026-01-29 18:06:36Z INFO JobDispatcher] Job cancellation request 9d11976f-5146-56e9-887c-e8c912a1a1dc received, cancellation timeout 5 minutes.
[2026-01-29 18:06:36Z INFO ProcessInvokerWrapper] STDOUT/STDERR stream read finished.
[2026-01-29 18:06:36Z INFO ProcessInvokerWrapper] STDOUT/STDERR stream read finished.
[2026-01-29 18:06:36Z INFO ProcessInvokerWrapper] Finished process 20612 with exit code 103, and elapsed time 00:00:20.2603971.
[2026-01-29 18:06:36Z INFO JobDispatcher] finish job request for job 9d11976f-5146-56e9-887c-e8c912a1a1dc with result: Canceled
[2026-01-29 18:06:36Z INFO Terminal] WRITE LINE: 2026-01-29 18:06:36Z: Job deploy-to-server completed with result: Canceled
[2026-01-29 18:06:36Z INFO JobDispatcher] Stop renew job request for job 9d11976f-5146-56e9-887c-e8c912a1a1dc.
[2026-01-29 18:06:36Z INFO JobDispatcher] job renew has been cancelled, stop renew job 9d11976f-5146-56e9-887c-e8c912a1a1dc.
[2026-01-29 18:06:36Z INFO JobNotification] Entering JobCompleted Notification
[2026-01-29 18:06:36Z INFO JobNotification] Entering EndMonitor
[2026-01-29 18:06:36Z INFO BrokerMessageListener] Received job status event. JobState: Online
[2026-01-29 18:06:36Z WARN GitHubActionsService] GET request to https://broker.actions.githubusercontent.com/message?sessionId=a610b578-8d21-4645-918a-54eebd959a41&status=Busy&runnerVersion=2.331.0&os=Windows&architecture=X64&disableUpdate=false has been cancelled.
[2026-01-29 18:06:36Z ERR  BrokerServer] Catch exception during request
[2026-01-29 18:06:36Z ERR  BrokerServer] System.Threading.Tasks.TaskCanceledException: The operation was canceled.
 ---> System.Threading.Tasks.TaskCanceledException: The operation was canceled.
 ---> System.IO.IOException: Unable to read data from the transport connection: La operación de E/S se anuló por una salida de subproceso o por una solicitud de aplicación..
 ---> System.Net.Sockets.SocketException (995): La operación de E/S se anuló por una salida de subproceso o por una solicitud de aplicación.
   --- End of inner exception stack trace ---
   at System.Net.Sockets.Socket.AwaitableSocketAsyncEventArgs.System.Threading.Tasks.Sources.IValueTaskSource<System.Int32>.GetResult(Int16 token)
   at System.Net.Security.SslStream.EnsureFullTlsFrameAsync[TIOAdapter](CancellationToken cancellationToken, Int32 estimatedSize)
   at System.Runtime.CompilerServices.PoolingAsyncValueTaskMethodBuilder`1.StateMachineBox`1.System.Threading.Tasks.Sources.IValueTaskSource<TResult>.GetResult(Int16 token)
   at System.Net.Security.SslStream.ReadAsyncInternal[TIOAdapter](Memory`1 buffer, CancellationToken cancellationToken)
   at System.Runtime.CompilerServices.PoolingAsyncValueTaskMethodBuilder`1.StateMachineBox`1.System.Threading.Tasks.Sources.IValueTaskSource<TResult>.GetResult(Int16 token)
   at System.Net.Http.HttpConnection.SendAsync(HttpRequestMessage request, Boolean async, CancellationToken cancellationToken)
   --- End of inner exception stack trace ---
   at System.Net.Http.HttpConnection.SendAsync(HttpRequestMessage request, Boolean async, CancellationToken cancellationToken)
   at System.Net.Http.AuthenticationHelper.SendWithNtAuthAsync(HttpRequestMessage request, Uri authUri, Boolean async, ICredentials credentials, Boolean isProxyAuth, HttpConnection connection, HttpConnectionPool connectionPool, CancellationToken cancellationToken)
   at System.Net.Http.HttpConnectionPool.SendWithVersionDetectionAndRetryAsync(HttpRequestMessage request, Boolean async, Boolean doRequestAuth, CancellationToken cancellationToken)
   at System.Net.Http.AuthenticationHelper.SendWithAuthAsync(HttpRequestMessage request, Uri authUri, Boolean async, ICredentials credentials, Boolean preAuthenticate, Boolean isProxyAuth, Boolean doRequestAuth, HttpConnectionPool pool, CancellationToken cancellationToken)
   at System.Net.Http.RedirectHandler.SendAsync(HttpRequestMessage request, Boolean async, CancellationToken cancellationToken)
   at GitHub.Services.Common.RawHttpMessageHandler.SendAsync(HttpRequestMessage request, CancellationToken cancellationToken)
   at GitHub.Services.Common.VssHttpRetryMessageHandler.SendAsync(HttpRequestMessage request, CancellationToken cancellationToken)
   at System.Net.Http.HttpClient.<SendAsync>g__Core|83_0(HttpRequestMessage request, HttpCompletionOption completionOption, CancellationTokenSource cts, Boolean disposeCts, CancellationTokenSource pendingRequestsCts, CancellationToken originalCancellationToken)
   --- End of inner exception stack trace ---
   at System.Net.Http.HttpClient.HandleFailure(Exception e, Boolean telemetryStarted, HttpResponseMessage response, CancellationTokenSource cts, CancellationToken cancellationToken, CancellationTokenSource pendingRequestsCts)
   at System.Net.Http.HttpClient.<SendAsync>g__Core|83_0(HttpRequestMessage request, HttpCompletionOption completionOption, CancellationTokenSource cts, Boolean disposeCts, CancellationTokenSource pendingRequestsCts, CancellationToken originalCancellationToken)
   at Sdk.WebApi.WebApi.RawHttpClientBase.SendAsync(HttpRequestMessage message, HttpCompletionOption completionOption, Object userState, CancellationToken cancellationToken)
   at Sdk.WebApi.WebApi.RawHttpClientBase.SendAsync[T](HttpRequestMessage message, Boolean readErrorBody, Object userState, CancellationToken cancellationToken)
   at Sdk.WebApi.WebApi.RawHttpClientBase.SendAsync[T](HttpMethod method, IEnumerable`1 additionalHeaders, Uri requestUri, HttpContent content, IEnumerable`1 queryParameters, Boolean readErrorBody, Object userState, CancellationToken cancellationToken)
   at GitHub.Actions.RunService.WebApi.BrokerHttpClient.GetRunnerMessageAsync(Nullable`1 sessionId, String runnerVersion, Nullable`1 status, String os, String architecture, Nullable`1 disableUpdate, CancellationToken cancellationToken)
   at GitHub.Runner.Common.BrokerServer.<>c__DisplayClass7_0.<<GetRunnerMessageAsync>b__0>d.MoveNext()
--- End of stack trace from previous location ---
   at GitHub.Runner.Common.RunnerService.RetryRequest[T](Func`1 func, CancellationToken cancellationToken, Int32 maxAttempts, Func`2 shouldRetry)
[2026-01-29 18:06:36Z ERR  BrokerServer] #####################################################
[2026-01-29 18:06:36Z ERR  BrokerServer] System.Threading.Tasks.TaskCanceledException: The operation was canceled.
 ---> System.IO.IOException: Unable to read data from the transport connection: La operación de E/S se anuló por una salida de subproceso o por una solicitud de aplicación..
 ---> System.Net.Sockets.SocketException (995): La operación de E/S se anuló por una salida de subproceso o por una solicitud de aplicación.
   --- End of inner exception stack trace ---
   at System.Net.Sockets.Socket.AwaitableSocketAsyncEventArgs.System.Threading.Tasks.Sources.IValueTaskSource<System.Int32>.GetResult(Int16 token)
   at System.Net.Security.SslStream.EnsureFullTlsFrameAsync[TIOAdapter](CancellationToken cancellationToken, Int32 estimatedSize)
   at System.Runtime.CompilerServices.PoolingAsyncValueTaskMethodBuilder`1.StateMachineBox`1.System.Threading.Tasks.Sources.IValueTaskSource<TResult>.GetResult(Int16 token)
   at System.Net.Security.SslStream.ReadAsyncInternal[TIOAdapter](Memory`1 buffer, CancellationToken cancellationToken)
   at System.Runtime.CompilerServices.PoolingAsyncValueTaskMethodBuilder`1.StateMachineBox`1.System.Threading.Tasks.Sources.IValueTaskSource<TResult>.GetResult(Int16 token)
   at System.Net.Http.HttpConnection.SendAsync(HttpRequestMessage request, Boolean async, CancellationToken cancellationToken)
   --- End of inner exception stack trace ---
   at System.Net.Http.HttpConnection.SendAsync(HttpRequestMessage request, Boolean async, CancellationToken cancellationToken)
   at System.Net.Http.AuthenticationHelper.SendWithNtAuthAsync(HttpRequestMessage request, Uri authUri, Boolean async, ICredentials credentials, Boolean isProxyAuth, HttpConnection connection, HttpConnectionPool connectionPool, CancellationToken cancellationToken)
   at System.Net.Http.HttpConnectionPool.SendWithVersionDetectionAndRetryAsync(HttpRequestMessage request, Boolean async, Boolean doRequestAuth, CancellationToken cancellationToken)
   at System.Net.Http.AuthenticationHelper.SendWithAuthAsync(HttpRequestMessage request, Uri authUri, Boolean async, ICredentials credentials, Boolean preAuthenticate, Boolean isProxyAuth, Boolean doRequestAuth, HttpConnectionPool pool, CancellationToken cancellationToken)
   at System.Net.Http.RedirectHandler.SendAsync(HttpRequestMessage request, Boolean async, CancellationToken cancellationToken)
   at GitHub.Services.Common.RawHttpMessageHandler.SendAsync(HttpRequestMessage request, CancellationToken cancellationToken)
   at GitHub.Services.Common.VssHttpRetryMessageHandler.SendAsync(HttpRequestMessage request, CancellationToken cancellationToken)
   at System.Net.Http.HttpClient.<SendAsync>g__Core|83_0(HttpRequestMessage request, HttpCompletionOption completionOption, CancellationTokenSource cts, Boolean disposeCts, CancellationTokenSource pendingRequestsCts, CancellationToken originalCancellationToken)
[2026-01-29 18:06:36Z ERR  BrokerServer] #####################################################
[2026-01-29 18:06:36Z ERR  BrokerServer] System.IO.IOException: Unable to read data from the transport connection: La operación de E/S se anuló por una salida de subproceso o por una solicitud de aplicación..
 ---> System.Net.Sockets.SocketException (995): La operación de E/S se anuló por una salida de subproceso o por una solicitud de aplicación.
   --- End of inner exception stack trace ---
   at System.Net.Sockets.Socket.AwaitableSocketAsyncEventArgs.System.Threading.Tasks.Sources.IValueTaskSource<System.Int32>.GetResult(Int16 token)
   at System.Net.Security.SslStream.EnsureFullTlsFrameAsync[TIOAdapter](CancellationToken cancellationToken, Int32 estimatedSize)
   at System.Runtime.CompilerServices.PoolingAsyncValueTaskMethodBuilder`1.StateMachineBox`1.System.Threading.Tasks.Sources.IValueTaskSource<TResult>.GetResult(Int16 token)
   at System.Net.Security.SslStream.ReadAsyncInternal[TIOAdapter](Memory`1 buffer, CancellationToken cancellationToken)
   at System.Runtime.CompilerServices.PoolingAsyncValueTaskMethodBuilder`1.StateMachineBox`1.System.Threading.Tasks.Sources.IValueTaskSource<TResult>.GetResult(Int16 token)
   at System.Net.Http.HttpConnection.SendAsync(HttpRequestMessage request, Boolean async, CancellationToken cancellationToken)
[2026-01-29 18:06:36Z ERR  BrokerServer] #####################################################
[2026-01-29 18:06:36Z ERR  BrokerServer] System.Net.Sockets.SocketException (995): La operación de E/S se anuló por una salida de subproceso o por una solicitud de aplicación.
[2026-01-29 18:06:36Z WARN BrokerServer] Back off 6.158 seconds before next retry. 4 attempt left.
[2026-01-29 18:06:36Z INFO BrokerMessageListener] Get messages has been cancelled using local token source. Continue to get messages with new status.
[2026-01-29 20:14:20Z WARN GitHubActionsService] Attempt 1 of GET request to https://broker.actions.githubusercontent.com/message?sessionId=a610b578-8d21-4645-918a-54eebd959a41&status=Online&runnerVersion=2.331.0&os=Windows&architecture=X64&disableUpdate=false failed (Socket Error: ConnectionReset). The operation will be retried in 11.155 seconds.
[2026-01-29 20:14:43Z WARN GitHubActionsService] Attempt 2 of GET request to https://broker.actions.githubusercontent.com/message?sessionId=a610b578-8d21-4645-918a-54eebd959a41&status=Online&runnerVersion=2.331.0&os=Windows&architecture=X64&disableUpdate=false failed (Socket Error: HostNotFound). The operation will be retried in 12.754 seconds.
[2026-01-29 20:14:57Z INFO RSAEncryptedFileKeyManager] Loading RSA key parameters from file C:\Users\Wilder_Ivan\Documents\PyCharm\Gestion de estudiantes\actions-runner\.credentials_rsaparams
[2026-01-29 20:14:58Z INFO GitHubActionsService] AAD Correlation ID for this token request: Unknown
[2026-01-29 21:05:18Z INFO RSAEncryptedFileKeyManager] Loading RSA key parameters from file C:\Users\Wilder_Ivan\Documents\PyCharm\Gestion de estudiantes\actions-runner\.credentials_rsaparams
[2026-01-29 21:05:19Z INFO GitHubActionsService] AAD Correlation ID for this token request: Unknown
[2026-01-29 21:55:38Z INFO RSAEncryptedFileKeyManager] Loading RSA key parameters from file C:\Users\Wilder_Ivan\Documents\PyCharm\Gestion de estudiantes\actions-runner\.credentials_rsaparams
[2026-01-29 21:55:39Z INFO GitHubActionsService] AAD Correlation ID for this token request: Unknown
[2026-01-29 22:45:59Z INFO RSAEncryptedFileKeyManager] Loading RSA key parameters from file C:\Users\Wilder_Ivan\Documents\PyCharm\Gestion de estudiantes\actions-runner\.credentials_rsaparams
[2026-01-29 22:46:00Z INFO GitHubActionsService] AAD Correlation ID for this token request: Unknown
[2026-01-29 22:54:56Z INFO Runner] Received RunnerRefreshConfigMessage for 'runner' config file
[2026-01-29 22:54:56Z INFO RunnerConfigUpdater] Verifying runner qualified id: U_kgDOArtexA/R_kgDOREHv5g/self-hosted/3
[2026-01-29 22:54:56Z INFO HostContext] Well known directory 'Bin': 'C:\Users\Wilder_Ivan\Documents\PyCharm\Gestion de estudiantes\actions-runner\bin'
[2026-01-29 22:54:56Z INFO HostContext] Well known directory 'Root': 'C:\Users\Wilder_Ivan\Documents\PyCharm\Gestion de estudiantes\actions-runner'
[2026-01-29 22:54:56Z INFO HostContext] Well known config file 'Runner': 'C:\Users\Wilder_Ivan\Documents\PyCharm\Gestion de estudiantes\actions-runner\.runner'
[2026-01-29 22:54:57Z INFO RSAEncryptedFileKeyManager] Loading RSA key parameters from file C:\Users\Wilder_Ivan\Documents\PyCharm\Gestion de estudiantes\actions-runner\.credentials_rsaparams
[2026-01-29 22:54:57Z INFO RSAEncryptedFileKeyManager] Loading RSA key parameters from file C:\Users\Wilder_Ivan\Documents\PyCharm\Gestion de estudiantes\actions-runner\.credentials_rsaparams
[2026-01-29 22:54:58Z INFO GitHubActionsService] AAD Correlation ID for this token request: Unknown
[2026-01-29 22:54:58Z INFO ConfigurationStore] Saving runner migrated settings
[2026-01-29 22:54:58Z INFO ConfigurationStore] Migrated Settings Saved.
[2026-01-29 22:54:58Z INFO Runner] Runner configuration was updated. Session restart has been scheduled
[2026-01-29 22:54:58Z INFO Runner] Pending session restart detected and job dispatcher is not busy. Restarting session now.
[2026-01-29 22:54:58Z INFO JobDispatcher] Shutting down JobDispatcher. Make sure all WorkerDispatcher has finished.
[2026-01-29 22:54:58Z INFO JobDispatcher] Ensure WorkerDispatcher for job 9d11976f-5146-56e9-887c-e8c912a1a1dc run to finish, cancel any running job.
[2026-01-29 22:54:58Z INFO JobDispatcher] Job request 9d11976f-5146-56e9-887c-e8c912a1a1dc processed succeed.
[2026-01-29 22:54:58Z INFO Runner] Deleting Runner Session...
[2026-01-29 22:54:59Z INFO Runner] Restarting runner session after config update...
[2026-01-29 22:54:59Z INFO Runner] Runner configuration was refreshed, restarting session...
[2026-01-29 22:54:59Z INFO ConfigurationManager] LoadSettings
[2026-01-29 22:54:59Z INFO ConfigurationStore] IsConfigured()
[2026-01-29 22:54:59Z INFO ConfigurationStore] IsConfigured: True
[2026-01-29 22:54:59Z INFO ConfigurationManager] Is configured: True
[2026-01-29 22:54:59Z INFO ConfigurationManager] Settings Loaded
[2026-01-29 22:54:59Z INFO Runner] RunAsync
[2026-01-29 22:54:59Z INFO ConfigurationManager] LoadMigratedSettings
[2026-01-29 22:54:59Z INFO ConfigurationStore] IsMigratedConfigured()
[2026-01-29 22:54:59Z INFO ConfigurationStore] IsMigratedConfigured: True
[2026-01-29 22:54:59Z INFO ConfigurationStore] Read migrated setting file: 399 chars
[2026-01-29 22:54:59Z INFO ConfigurationManager] Migrated Settings Loaded
[2026-01-29 22:54:59Z INFO Runner] Loaded migrated settings from .runner_migrated file
[2026-01-29 22:54:59Z INFO Runner] {
  "AgentId": 3,
  "AgentName": "WILDER",
  "PoolId": 1,
  "PoolName": "Default",
  "ServerUrl": "https://pipelinesghubeus24.actions.githubusercontent.com/RTN4R0V6xVWGgnxXQeSZ1MTTri6PwC5ztHGEJmaXuO6Lct0pMY/",
  "GitHubUrl": "https://github.com/ZpudpZ/Sistema-de-Estudiantes",
  "WorkFolder": "_work",
  "UseV2Flow": true,
  "ServerUrlV2": "https://broker.actions.githubusercontent.com/"
}
[2026-01-29 22:54:59Z INFO Runner] Attempting to create session using migrated settings
[2026-01-29 22:54:59Z INFO Runner] Using BrokerMessageListener
[2026-01-29 22:54:59Z INFO BrokerMessageListener] Using provided settings
[2026-01-29 22:54:59Z INFO BrokerMessageListener] Using migrated settings from .runner_migrated
[2026-01-29 22:54:59Z INFO BrokerMessageListener] {
  "AgentId": 3,
  "AgentName": "WILDER",
  "PoolId": 1,
  "PoolName": "Default",
  "ServerUrl": "https://pipelinesghubeus24.actions.githubusercontent.com/RTN4R0V6xVWGgnxXQeSZ1MTTri6PwC5ztHGEJmaXuO6Lct0pMY/",
  "GitHubUrl": "https://github.com/ZpudpZ/Sistema-de-Estudiantes",
  "WorkFolder": "_work",
  "UseV2Flow": true,
  "ServerUrlV2": "https://broker.actions.githubusercontent.com/"
}
[2026-01-29 22:54:59Z INFO BrokerMessageListener] Loading Credentials
[2026-01-29 22:54:59Z INFO ConfigurationStore] HasCredentials()
[2026-01-29 22:54:59Z INFO ConfigurationStore] stored True
[2026-01-29 22:54:59Z INFO CredentialManager] GetCredentialProvider
[2026-01-29 22:54:59Z INFO CredentialManager] Creating type OAuth
[2026-01-29 22:54:59Z INFO CredentialManager] Creating credential type: OAuth
[2026-01-29 22:54:59Z INFO RSAEncryptedFileKeyManager] Loading RSA key parameters from file C:\Users\Wilder_Ivan\Documents\PyCharm\Gestion de estudiantes\actions-runner\.credentials_rsaparams
[2026-01-29 22:54:59Z INFO BrokerMessageListener] Attempt to create session.
[2026-01-29 22:54:59Z INFO BrokerMessageListener] Connecting to the Broker Server...
[2026-01-29 22:54:59Z INFO ConfigurationStore] HasCredentials()
[2026-01-29 22:54:59Z INFO ConfigurationStore] stored True
[2026-01-29 22:54:59Z INFO CredentialManager] GetCredentialProvider
[2026-01-29 22:54:59Z INFO CredentialManager] Creating type OAuth
[2026-01-29 22:54:59Z INFO CredentialManager] Creating credential type: OAuth
[2026-01-29 22:54:59Z INFO RSAEncryptedFileKeyManager] Loading RSA key parameters from file C:\Users\Wilder_Ivan\Documents\PyCharm\Gestion de estudiantes\actions-runner\.credentials_rsaparams
[2026-01-29 22:54:59Z INFO BrokerMessageListener] VssConnection created
[2026-01-29 22:54:59Z INFO BrokerMessageListener] Connecting to the Runner server...
[2026-01-29 22:54:59Z INFO RunnerServer] EstablishVssConnection
[2026-01-29 22:54:59Z INFO RunnerServer] Establish connection with 100 seconds timeout.
[2026-01-29 22:54:59Z INFO GitHubActionsService] Starting operation Location.GetConnectionData
[2026-01-29 22:54:59Z INFO RunnerServer] EstablishVssConnection
[2026-01-29 22:54:59Z INFO RunnerServer] Establish connection with 60 seconds timeout.
[2026-01-29 22:54:59Z INFO GitHubActionsService] Starting operation Location.GetConnectionData
[2026-01-29 22:54:59Z INFO RunnerServer] EstablishVssConnection
[2026-01-29 22:54:59Z INFO RunnerServer] Establish connection with 60 seconds timeout.
[2026-01-29 22:54:59Z INFO GitHubActionsService] Starting operation Location.GetConnectionData
[2026-01-29 22:54:59Z INFO GitHubActionsService] Finished operation Location.GetConnectionData
[2026-01-29 22:54:59Z INFO GitHubActionsService] Finished operation Location.GetConnectionData
[2026-01-29 22:54:59Z INFO GitHubActionsService] Finished operation Location.GetConnectionData
[2026-01-29 22:54:59Z INFO BrokerMessageListener] VssConnection created
[2026-01-29 22:54:59Z INFO Terminal] WRITE LINE: 
[2026-01-29 22:54:59Z INFO Terminal] WRITE LINE: 
[2026-01-29 22:54:59Z INFO RSAEncryptedFileKeyManager] Loading RSA key parameters from file C:\Users\Wilder_Ivan\Documents\PyCharm\Gestion de estudiantes\actions-runner\.credentials_rsaparams
[2026-01-29 22:54:59Z INFO RSAEncryptedFileKeyManager] Loading RSA key parameters from file C:\Users\Wilder_Ivan\Documents\PyCharm\Gestion de estudiantes\actions-runner\.credentials_rsaparams
[2026-01-29 22:55:00Z INFO GitHubActionsService] AAD Correlation ID for this token request: Unknown
[2026-01-29 22:55:01Z INFO BrokerMessageListener] Session created.
[2026-01-29 22:55:01Z INFO Runner] Successfully created session with migrated settings
[2026-01-29 22:55:01Z INFO Terminal] WRITE LINE: Current runner version: '2.331.0'
[2026-01-29 22:55:01Z INFO Terminal] WRITE LINE: 2026-01-29 22:55:01Z: Listening for Jobs
[2026-01-29 22:55:01Z INFO JobDispatcher] Set runner/worker IPC timeout to 30 seconds.
[2026-01-29 23:45:16Z INFO RSAEncryptedFileKeyManager] Loading RSA key parameters from file C:\Users\Wilder_Ivan\Documents\PyCharm\Gestion de estudiantes\actions-runner\.credentials_rsaparams
[2026-01-29 23:45:17Z INFO GitHubActionsService] AAD Correlation ID for this token request: Unknown
[2026-01-30 00:06:15Z INFO HostContext] Runner will be shutdown for UserCancelled
[2026-01-30 00:06:15Z WARN GitHubActionsService] GET request to https://broker.actions.githubusercontent.com/message?sessionId=a6ecac0c-0ba9-4ab8-b56a-2de0db003cac&status=Online&runnerVersion=2.331.0&os=Windows&architecture=X64&disableUpdate=false has been cancelled.
[2026-01-30 00:06:15Z ERR  BrokerServer] Catch exception during request
[2026-01-30 00:06:15Z ERR  BrokerServer] System.Threading.Tasks.TaskCanceledException: The operation was canceled.
 ---> System.Threading.Tasks.TaskCanceledException: The operation was canceled.
 ---> System.IO.IOException: Unable to read data from the transport connection: La operación de E/S se anuló por una salida de subproceso o por una solicitud de aplicación..
 ---> System.Net.Sockets.SocketException (995): La operación de E/S se anuló por una salida de subproceso o por una solicitud de aplicación.
   --- End of inner exception stack trace ---
   at System.Net.Sockets.Socket.AwaitableSocketAsyncEventArgs.System.Threading.Tasks.Sources.IValueTaskSource<System.Int32>.GetResult(Int16 token)
   at System.Net.Security.SslStream.EnsureFullTlsFrameAsync[TIOAdapter](CancellationToken cancellationToken, Int32 estimatedSize)
   at System.Runtime.CompilerServices.PoolingAsyncValueTaskMethodBuilder`1.StateMachineBox`1.System.Threading.Tasks.Sources.IValueTaskSource<TResult>.GetResult(Int16 token)
   at System.Net.Security.SslStream.ReadAsyncInternal[TIOAdapter](Memory`1 buffer, CancellationToken cancellationToken)
   at System.Runtime.CompilerServices.PoolingAsyncValueTaskMethodBuilder`1.StateMachineBox`1.System.Threading.Tasks.Sources.IValueTaskSource<TResult>.GetResult(Int16 token)
   at System.Net.Http.HttpConnection.SendAsync(HttpRequestMessage request, Boolean async, CancellationToken cancellationToken)
   --- End of inner exception stack trace ---
   at System.Net.Http.HttpConnection.SendAsync(HttpRequestMessage request, Boolean async, CancellationToken cancellationToken)
   at System.Net.Http.AuthenticationHelper.SendWithNtAuthAsync(HttpRequestMessage request, Uri authUri, Boolean async, ICredentials credentials, Boolean isProxyAuth, HttpConnection connection, HttpConnectionPool connectionPool, CancellationToken cancellationToken)
   at System.Net.Http.HttpConnectionPool.SendWithVersionDetectionAndRetryAsync(HttpRequestMessage request, Boolean async, Boolean doRequestAuth, CancellationToken cancellationToken)
   at System.Net.Http.AuthenticationHelper.SendWithAuthAsync(HttpRequestMessage request, Uri authUri, Boolean async, ICredentials credentials, Boolean preAuthenticate, Boolean isProxyAuth, Boolean doRequestAuth, HttpConnectionPool pool, CancellationToken cancellationToken)
   at System.Net.Http.RedirectHandler.SendAsync(HttpRequestMessage request, Boolean async, CancellationToken cancellationToken)
   at GitHub.Services.Common.RawHttpMessageHandler.SendAsync(HttpRequestMessage request, CancellationToken cancellationToken)
   at GitHub.Services.Common.VssHttpRetryMessageHandler.SendAsync(HttpRequestMessage request, CancellationToken cancellationToken)
   at System.Net.Http.HttpClient.<SendAsync>g__Core|83_0(HttpRequestMessage request, HttpCompletionOption completionOption, CancellationTokenSource cts, Boolean disposeCts, CancellationTokenSource pendingRequestsCts, CancellationToken originalCancellationToken)
   --- End of inner exception stack trace ---
   at System.Net.Http.HttpClient.HandleFailure(Exception e, Boolean telemetryStarted, HttpResponseMessage response, CancellationTokenSource cts, CancellationToken cancellationToken, CancellationTokenSource pendingRequestsCts)
   at System.Net.Http.HttpClient.<SendAsync>g__Core|83_0(HttpRequestMessage request, HttpCompletionOption completionOption, CancellationTokenSource cts, Boolean disposeCts, CancellationTokenSource pendingRequestsCts, CancellationToken originalCancellationToken)
   at Sdk.WebApi.WebApi.RawHttpClientBase.SendAsync(HttpRequestMessage message, HttpCompletionOption completionOption, Object userState, CancellationToken cancellationToken)
   at Sdk.WebApi.WebApi.RawHttpClientBase.SendAsync[T](HttpRequestMessage message, Boolean readErrorBody, Object userState, CancellationToken cancellationToken)
   at Sdk.WebApi.WebApi.RawHttpClientBase.SendAsync[T](HttpMethod method, IEnumerable`1 additionalHeaders, Uri requestUri, HttpContent content, IEnumerable`1 queryParameters, Boolean readErrorBody, Object userState, CancellationToken cancellationToken)
   at GitHub.Actions.RunService.WebApi.BrokerHttpClient.GetRunnerMessageAsync(Nullable`1 sessionId, String runnerVersion, Nullable`1 status, String os, String architecture, Nullable`1 disableUpdate, CancellationToken cancellationToken)
   at GitHub.Runner.Common.BrokerServer.<>c__DisplayClass7_0.<<GetRunnerMessageAsync>b__0>d.MoveNext()
--- End of stack trace from previous location ---
   at GitHub.Runner.Common.RunnerService.RetryRequest[T](Func`1 func, CancellationToken cancellationToken, Int32 maxAttempts, Func`2 shouldRetry)
[2026-01-30 00:06:15Z ERR  BrokerServer] #####################################################
[2026-01-30 00:06:15Z ERR  BrokerServer] System.Threading.Tasks.TaskCanceledException: The operation was canceled.
 ---> System.IO.IOException: Unable to read data from the transport connection: La operación de E/S se anuló por una salida de subproceso o por una solicitud de aplicación..
 ---> System.Net.Sockets.SocketException (995): La operación de E/S se anuló por una salida de subproceso o por una solicitud de aplicación.
   --- End of inner exception stack trace ---
   at System.Net.Sockets.Socket.AwaitableSocketAsyncEventArgs.System.Threading.Tasks.Sources.IValueTaskSource<System.Int32>.GetResult(Int16 token)
   at System.Net.Security.SslStream.EnsureFullTlsFrameAsync[TIOAdapter](CancellationToken cancellationToken, Int32 estimatedSize)
   at System.Runtime.CompilerServices.PoolingAsyncValueTaskMethodBuilder`1.StateMachineBox`1.System.Threading.Tasks.Sources.IValueTaskSource<TResult>.GetResult(Int16 token)
   at System.Net.Security.SslStream.ReadAsyncInternal[TIOAdapter](Memory`1 buffer, CancellationToken cancellationToken)
   at System.Runtime.CompilerServices.PoolingAsyncValueTaskMethodBuilder`1.StateMachineBox`1.System.Threading.Tasks.Sources.IValueTaskSource<TResult>.GetResult(Int16 token)
   at System.Net.Http.HttpConnection.SendAsync(HttpRequestMessage request, Boolean async, CancellationToken cancellationToken)
   --- End of inner exception stack trace ---
   at System.Net.Http.HttpConnection.SendAsync(HttpRequestMessage request, Boolean async, CancellationToken cancellationToken)
   at System.Net.Http.AuthenticationHelper.SendWithNtAuthAsync(HttpRequestMessage request, Uri authUri, Boolean async, ICredentials credentials, Boolean isProxyAuth, HttpConnection connection, HttpConnectionPool connectionPool, CancellationToken cancellationToken)
   at System.Net.Http.HttpConnectionPool.SendWithVersionDetectionAndRetryAsync(HttpRequestMessage request, Boolean async, Boolean doRequestAuth, CancellationToken cancellationToken)
   at System.Net.Http.AuthenticationHelper.SendWithAuthAsync(HttpRequestMessage request, Uri authUri, Boolean async, ICredentials credentials, Boolean preAuthenticate, Boolean isProxyAuth, Boolean doRequestAuth, HttpConnectionPool pool, CancellationToken cancellationToken)
   at System.Net.Http.RedirectHandler.SendAsync(HttpRequestMessage request, Boolean async, CancellationToken cancellationToken)
   at GitHub.Services.Common.RawHttpMessageHandler.SendAsync(HttpRequestMessage request, CancellationToken cancellationToken)
   at GitHub.Services.Common.VssHttpRetryMessageHandler.SendAsync(HttpRequestMessage request, CancellationToken cancellationToken)
   at System.Net.Http.HttpClient.<SendAsync>g__Core|83_0(HttpRequestMessage request, HttpCompletionOption completionOption, CancellationTokenSource cts, Boolean disposeCts, CancellationTokenSource pendingRequestsCts, CancellationToken originalCancellationToken)
[2026-01-30 00:06:15Z ERR  BrokerServer] #####################################################
[2026-01-30 00:06:15Z ERR  BrokerServer] System.IO.IOException: Unable to read data from the transport connection: La operación de E/S se anuló por una salida de subproceso o por una solicitud de aplicación..
 ---> System.Net.Sockets.SocketException (995): La operación de E/S se anuló por una salida de subproceso o por una solicitud de aplicación.
   --- End of inner exception stack trace ---
   at System.Net.Sockets.Socket.AwaitableSocketAsyncEventArgs.System.Threading.Tasks.Sources.IValueTaskSource<System.Int32>.GetResult(Int16 token)
   at System.Net.Security.SslStream.EnsureFullTlsFrameAsync[TIOAdapter](CancellationToken cancellationToken, Int32 estimatedSize)
   at System.Runtime.CompilerServices.PoolingAsyncValueTaskMethodBuilder`1.StateMachineBox`1.System.Threading.Tasks.Sources.IValueTaskSource<TResult>.GetResult(Int16 token)
   at System.Net.Security.SslStream.ReadAsyncInternal[TIOAdapter](Memory`1 buffer, CancellationToken cancellationToken)
   at System.Runtime.CompilerServices.PoolingAsyncValueTaskMethodBuilder`1.StateMachineBox`1.System.Threading.Tasks.Sources.IValueTaskSource<TResult>.GetResult(Int16 token)
   at System.Net.Http.HttpConnection.SendAsync(HttpRequestMessage request, Boolean async, CancellationToken cancellationToken)
[2026-01-30 00:06:15Z ERR  BrokerServer] #####################################################
[2026-01-30 00:06:15Z ERR  BrokerServer] System.Net.Sockets.SocketException (995): La operación de E/S se anuló por una salida de subproceso o por una solicitud de aplicación.
[2026-01-30 00:06:15Z WARN BrokerServer] Back off 7.467 seconds before next retry. 4 attempt left.
[2026-01-30 00:06:15Z INFO BrokerMessageListener] Get next message has been cancelled.
[2026-01-30 00:06:15Z INFO JobDispatcher] Shutting down JobDispatcher. Make sure all WorkerDispatcher has finished.
[2026-01-30 00:06:15Z INFO Runner] Deleting Runner Session...
